npx : [33mThe CJS build of Vite's Node API is deprecated. See 
https://vite.dev/guide/troubleshooting.html#vite-cjs-node-api-deprecated for 
more details.[39m
At line:1 char:1
+ npx vite build > build_error.log 2>&1; cat build_error.log
+ ~~~~~~~~~~~~~~~~~~~~~~~~~~~~~~~~~~~~~
    + CategoryInfo          : NotSpecified: ([33mThe CJS bu...e details.[39m:S 
   tring) [], RemoteException
    + FullyQualifiedErrorId : NativeCommandError
 
[36mvite v5.4.21 [32mbuilding for production...[36m[39m
transforming...
[32mΓ£ô[39m 6 modules transformed.
[31mx[39m Build failed in 69ms
[31merror during build:
[31mauth.js (74:8): Return statement is not allowed here[31m
file: [36mC:/Users/Punna Srija/Downloads/invoice 
generator-20260325T193214Z-1-001/invoice generator/auth.js:74:8[31m
[33m
72:     if (!window.supabase) {
73:         console.error('Supabase library failed to load! Check your internet 
connection.');
74:         return;
            ^
75:     }
[31m
    at getRollupError (file:///C:/Users/Punna%20Srija/Downloads/invoice%20generat
or-20260325T193214Z-1-001/invoice%20generator/node_modules/rollup/dist/es/shared/
parseAst.js:406:41)
    at ParseError.initialise (file:///C:/Users/Punna%20Srija/Downloads/invoice%20
generator-20260325T193214Z-1-001/invoice%20generator/node_modules/rollup/dist/es/
shared/node-entry.js:14485:28)
    at convertNode (file:///C:/Users/Punna%20Srija/Downloads/invoice%20generator-
20260325T193214Z-1-001/invoice%20generator/node_modules/rollup/dist/es/shared/nod
e-entry.js:16461:10)
    at convertProgram (file:///C:/Users/Punna%20Srija/Downloads/invoice%20generat
or-20260325T193214Z-1-001/invoice%20generator/node_modules/rollup/dist/es/shared/
node-entry.js:15697:12)
    at Module.setSource (file:///C:/Users/Punna%20Srija/Downloads/invoice%20gener
ator-20260325T193214Z-1-001/invoice%20generator/node_modules/rollup/dist/es/share
d/node-entry.js:17417:24)
    at async ModuleLoader.addModuleSource (file:///C:/Users/Punna%20Srija/Downloa
ds/invoice%20generator-20260325T193214Z-1-001/invoice%20generator/node_modules/ro
llup/dist/es/shared/node-entry.js:21544:13)[39m
